// Jest Snapshot v1, https://goo.gl/fbAQLP

exports[`Bio renders correctly 1`] = `
<aside
  className="flex p-2 m-2 ml-0 pl-0 pt-0 mt-0 flex-col sm:flex-row"
>
  <div
    className="flex-5 text-gray-500 sm:pl-4"
  >
    <p
      className="mb-2 sm:mb-1"
    >
      Hello, I am a Software Engineer focused on Ed Tech and the WWW.
    </p>
    <p>
      My primary expertise includes modern PHP and JavaScript, along with numerous tools and technologies that saturate the world of Web Development. I hope you find my nerdy musings insightful.
    </p>
  </div>
</aside>
`;
